mode: set
github.com/chazu/yutani/pkg/client/basic_widgets.go:19.39,24.2 1 0
github.com/chazu/yutani/pkg/client/basic_widgets.go:27.54,30.2 2 0
github.com/chazu/yutani/pkg/client/basic_widgets.go:33.54,36.2 2 0
github.com/chazu/yutani/pkg/client/basic_widgets.go:39.67,42.2 2 0
github.com/chazu/yutani/pkg/client/basic_widgets.go:45.44,51.16 2 0
github.com/chazu/yutani/pkg/client/basic_widgets.go:51.16,53.3 1 0
github.com/chazu/yutani/pkg/client/basic_widgets.go:55.2,63.17 3 0
github.com/chazu/yutani/pkg/client/basic_widgets.go:78.49,83.2 1 0
github.com/chazu/yutani/pkg/client/basic_widgets.go:86.64,89.2 2 0
github.com/chazu/yutani/pkg/client/basic_widgets.go:92.64,95.2 2 0
github.com/chazu/yutani/pkg/client/basic_widgets.go:98.62,105.2 2 0
github.com/chazu/yutani/pkg/client/basic_widgets.go:108.64,109.35 1 0
github.com/chazu/yutani/pkg/client/basic_widgets.go:109.35,113.3 1 0
github.com/chazu/yutani/pkg/client/basic_widgets.go:114.2,115.10 2 0
github.com/chazu/yutani/pkg/client/basic_widgets.go:119.72,120.35 1 0
github.com/chazu/yutani/pkg/client/basic_widgets.go:120.35,124.3 1 0
github.com/chazu/yutani/pkg/client/basic_widgets.go:125.2,126.10 2 0
github.com/chazu/yutani/pkg/client/basic_widgets.go:130.54,136.16 2 0
github.com/chazu/yutani/pkg/client/basic_widgets.go:136.16,138.3 1 0
github.com/chazu/yutani/pkg/client/basic_widgets.go:140.2,148.22 3 0
github.com/chazu/yutani/pkg/client/basic_widgets.go:152.48,160.2 1 0
github.com/chazu/yutani/pkg/client/button.go:19.45,24.2 1 0
github.com/chazu/yutani/pkg/client/button.go:27.60,30.2 2 1
github.com/chazu/yutani/pkg/client/button.go:33.60,36.2 2 1
github.com/chazu/yutani/pkg/client/button.go:39.60,40.35 1 1
github.com/chazu/yutani/pkg/client/button.go:40.35,44.3 1 1
github.com/chazu/yutani/pkg/client/button.go:45.2,46.10 2 1
github.com/chazu/yutani/pkg/client/button.go:50.68,51.35 1 1
github.com/chazu/yutani/pkg/client/button.go:51.35,55.3 1 0
github.com/chazu/yutani/pkg/client/button.go:56.2,57.10 2 1
github.com/chazu/yutani/pkg/client/button.go:61.73,62.35 1 1
github.com/chazu/yutani/pkg/client/button.go:62.35,66.3 1 0
github.com/chazu/yutani/pkg/client/button.go:67.2,68.10 2 1
github.com/chazu/yutani/pkg/client/button.go:72.72,73.35 1 1
github.com/chazu/yutani/pkg/client/button.go:73.35,77.3 1 0
github.com/chazu/yutani/pkg/client/button.go:78.2,79.10 2 1
github.com/chazu/yutani/pkg/client/button.go:83.50,89.16 2 0
github.com/chazu/yutani/pkg/client/button.go:89.16,91.3 1 0
github.com/chazu/yutani/pkg/client/button.go:93.2,101.20 3 0
github.com/chazu/yutani/pkg/client/button.go:105.49,113.2 1 0
github.com/chazu/yutani/pkg/client/checkbox.go:19.49,24.2 1 0
github.com/chazu/yutani/pkg/client/checkbox.go:27.64,30.2 2 1
github.com/chazu/yutani/pkg/client/checkbox.go:33.64,36.2 2 1
github.com/chazu/yutani/pkg/client/checkbox.go:39.64,40.35 1 1
github.com/chazu/yutani/pkg/client/checkbox.go:40.35,44.3 1 1
github.com/chazu/yutani/pkg/client/checkbox.go:45.2,46.10 2 1
github.com/chazu/yutani/pkg/client/checkbox.go:50.66,51.35 1 1
github.com/chazu/yutani/pkg/client/checkbox.go:51.35,55.3 1 0
github.com/chazu/yutani/pkg/client/checkbox.go:56.2,57.10 2 1
github.com/chazu/yutani/pkg/client/checkbox.go:61.72,62.35 1 1
github.com/chazu/yutani/pkg/client/checkbox.go:62.35,66.3 1 0
github.com/chazu/yutani/pkg/client/checkbox.go:67.2,68.10 2 1
github.com/chazu/yutani/pkg/client/checkbox.go:72.74,73.35 1 1
github.com/chazu/yutani/pkg/client/checkbox.go:73.35,77.3 1 0
github.com/chazu/yutani/pkg/client/checkbox.go:78.2,79.10 2 1
github.com/chazu/yutani/pkg/client/checkbox.go:83.54,89.16 2 0
github.com/chazu/yutani/pkg/client/checkbox.go:89.16,91.3 1 0
github.com/chazu/yutani/pkg/client/checkbox.go:93.2,101.22 3 0
github.com/chazu/yutani/pkg/client/checkbox.go:105.52,113.2 1 0
github.com/chazu/yutani/pkg/client/checkbox.go:116.50,124.2 1 0
github.com/chazu/yutani/pkg/client/client.go:82.47,84.2 1 0
github.com/chazu/yutani/pkg/client/client.go:87.83,91.16 3 0
github.com/chazu/yutani/pkg/client/client.go:91.16,94.3 2 0
github.com/chazu/yutani/pkg/client/client.go:96.2,117.16 3 0
github.com/chazu/yutani/pkg/client/client.go:117.16,121.3 3 0
github.com/chazu/yutani/pkg/client/client.go:122.2,124.20 2 0
github.com/chazu/yutani/pkg/client/client.go:128.32,130.24 1 0
github.com/chazu/yutani/pkg/client/client.go:130.24,136.3 3 0
github.com/chazu/yutani/pkg/client/client.go:139.2,139.26 1 0
github.com/chazu/yutani/pkg/client/client.go:139.26,142.3 2 0
github.com/chazu/yutani/pkg/client/client.go:145.2,146.23 2 0
github.com/chazu/yutani/pkg/client/client.go:150.44,152.2 1 0
github.com/chazu/yutani/pkg/client/client.go:155.44,157.2 1 0
github.com/chazu/yutani/pkg/client/client.go:160.48,164.2 3 1
github.com/chazu/yutani/pkg/client/client.go:167.77,172.39 3 1
github.com/chazu/yutani/pkg/client/client.go:172.39,173.28 1 1
github.com/chazu/yutani/pkg/client/client.go:173.28,175.4 1 1
github.com/chazu/yutani/pkg/client/client.go:177.2,177.59 1 1
github.com/chazu/yutani/pkg/client/client.go:181.71,187.2 2 1
github.com/chazu/yutani/pkg/client/client.go:190.73,195.2 2 1
github.com/chazu/yutani/pkg/client/client.go:198.65,202.2 3 1
github.com/chazu/yutani/pkg/client/client.go:205.54,209.2 3 1
github.com/chazu/yutani/pkg/client/client.go:212.52,216.2 3 1
github.com/chazu/yutani/pkg/client/client.go:220.69,226.2 2 0
github.com/chazu/yutani/pkg/client/client.go:229.91,237.2 1 0
github.com/chazu/yutani/pkg/client/client.go:240.66,249.2 1 0
github.com/chazu/yutani/pkg/client/client.go:252.43,263.16 2 0
github.com/chazu/yutani/pkg/client/client.go:263.16,265.3 1 0
github.com/chazu/yutani/pkg/client/client.go:267.2,269.12 2 0
github.com/chazu/yutani/pkg/client/client.go:269.12,271.7 2 0
github.com/chazu/yutani/pkg/client/client.go:271.7,273.18 2 0
github.com/chazu/yutani/pkg/client/client.go:273.18,275.5 1 0
github.com/chazu/yutani/pkg/client/client.go:278.4,279.32 2 0
github.com/chazu/yutani/pkg/client/client.go:283.2,283.12 1 0
github.com/chazu/yutani/pkg/client/client.go:287.46,293.47 4 1
github.com/chazu/yutani/pkg/client/client.go:293.47,296.12 3 1
github.com/chazu/yutani/pkg/client/client.go:296.12,298.9 2 1
github.com/chazu/yutani/pkg/client/client.go:303.2,303.28 1 1
github.com/chazu/yutani/pkg/client/client.go:303.28,305.3 1 1
github.com/chazu/yutani/pkg/client/client.go:307.2,311.21 4 1
github.com/chazu/yutani/pkg/client/client.go:311.21,313.3 1 1
github.com/chazu/yutani/pkg/client/client.go:315.2,315.35 1 1
github.com/chazu/yutani/pkg/client/client.go:315.35,317.3 1 1
github.com/chazu/yutani/pkg/client/client.go:321.65,325.16 2 0
github.com/chazu/yutani/pkg/client/client.go:325.16,327.3 1 0
github.com/chazu/yutani/pkg/client/client.go:328.2,328.22 1 0
github.com/chazu/yutani/pkg/client/client.go:328.22,330.3 1 0
github.com/chazu/yutani/pkg/client/client.go:331.2,331.57 1 0
github.com/chazu/yutani/pkg/client/client.go:335.38,340.2 2 0
github.com/chazu/yutani/pkg/client/client.go:343.31,348.2 2 0
github.com/chazu/yutani/pkg/client/client.go:351.48,355.2 3 0
github.com/chazu/yutani/pkg/client/client.go:358.52,362.2 3 0
github.com/chazu/yutani/pkg/client/client.go:365.60,370.2 4 0
github.com/chazu/yutani/pkg/client/event.go:64.45,67.35 2 0
github.com/chazu/yutani/pkg/client/event.go:68.21,71.26 3 0
github.com/chazu/yutani/pkg/client/event.go:71.26,73.4 1 0
github.com/chazu/yutani/pkg/client/event.go:75.3,76.37 2 0
github.com/chazu/yutani/pkg/client/event.go:76.37,78.4 1 0
github.com/chazu/yutani/pkg/client/event.go:79.3,83.4 1 0
github.com/chazu/yutani/pkg/client/event.go:85.23,88.30 3 0
github.com/chazu/yutani/pkg/client/event.go:88.30,91.4 2 0
github.com/chazu/yutani/pkg/client/event.go:93.3,94.39 2 0
github.com/chazu/yutani/pkg/client/event.go:94.39,96.4 1 0
github.com/chazu/yutani/pkg/client/event.go:97.3,104.4 1 0
github.com/chazu/yutani/pkg/client/event.go:106.24,109.30 3 0
github.com/chazu/yutani/pkg/client/event.go:109.30,112.4 2 0
github.com/chazu/yutani/pkg/client/event.go:113.3,116.4 1 0
github.com/chazu/yutani/pkg/client/event.go:118.23,124.4 3 0
github.com/chazu/yutani/pkg/client/event.go:126.24,132.4 2 0
github.com/chazu/yutani/pkg/client/event.go:135.2,135.14 1 0
github.com/chazu/yutani/pkg/client/event.go:139.30,141.2 1 0
github.com/chazu/yutani/pkg/client/event.go:144.32,146.2 1 0
github.com/chazu/yutani/pkg/client/event.go:149.33,151.2 1 0
github.com/chazu/yutani/pkg/client/event.go:154.32,156.2 1 0
github.com/chazu/yutani/pkg/client/event.go:159.33,161.2 1 0
github.com/chazu/yutani/pkg/client/event.go:164.53,166.2 1 0
github.com/chazu/yutani/pkg/client/event.go:169.58,171.2 1 0
github.com/chazu/yutani/pkg/client/event_advanced.go:24.50,26.22 1 1
github.com/chazu/yutani/pkg/client/event_advanced.go:26.22,28.29 2 1
github.com/chazu/yutani/pkg/client/event_advanced.go:28.29,29.23 1 1
github.com/chazu/yutani/pkg/client/event_advanced.go:29.23,31.10 2 1
github.com/chazu/yutani/pkg/client/event_advanced.go:34.3,34.13 1 1
github.com/chazu/yutani/pkg/client/event_advanced.go:34.13,36.4 1 1
github.com/chazu/yutani/pkg/client/event_advanced.go:40.2,40.59 1 1
github.com/chazu/yutani/pkg/client/event_advanced.go:40.59,41.26 1 1
github.com/chazu/yutani/pkg/client/event_advanced.go:41.26,43.4 1 1
github.com/chazu/yutani/pkg/client/event_advanced.go:44.3,45.34 2 1
github.com/chazu/yutani/pkg/client/event_advanced.go:45.34,46.35 1 1
github.com/chazu/yutani/pkg/client/event_advanced.go:46.35,48.10 2 1
github.com/chazu/yutani/pkg/client/event_advanced.go:51.3,51.13 1 1
github.com/chazu/yutani/pkg/client/event_advanced.go:51.13,53.4 1 1
github.com/chazu/yutani/pkg/client/event_advanced.go:57.2,57.66 1 1
github.com/chazu/yutani/pkg/client/event_advanced.go:57.66,58.26 1 1
github.com/chazu/yutani/pkg/client/event_advanced.go:58.26,60.4 1 0
github.com/chazu/yutani/pkg/client/event_advanced.go:61.3,62.40 2 1
github.com/chazu/yutani/pkg/client/event_advanced.go:62.40,63.30 1 1
github.com/chazu/yutani/pkg/client/event_advanced.go:63.30,65.10 2 1
github.com/chazu/yutani/pkg/client/event_advanced.go:68.3,68.13 1 1
github.com/chazu/yutani/pkg/client/event_advanced.go:68.13,70.4 1 1
github.com/chazu/yutani/pkg/client/event_advanced.go:74.2,74.53 1 1
github.com/chazu/yutani/pkg/client/event_advanced.go:74.53,76.3 1 1
github.com/chazu/yutani/pkg/client/event_advanced.go:78.2,78.13 1 1
github.com/chazu/yutani/pkg/client/event_advanced.go:94.82,103.2 3 1
github.com/chazu/yutani/pkg/client/event_advanced.go:106.42,110.2 3 1
github.com/chazu/yutani/pkg/client/event_advanced.go:113.30,117.6 3 1
github.com/chazu/yutani/pkg/client/event_advanced.go:117.6,118.10 1 1
github.com/chazu/yutani/pkg/client/event_advanced.go:119.19,120.18 1 1
github.com/chazu/yutani/pkg/client/event_advanced.go:121.18,122.10 1 1
github.com/chazu/yutani/pkg/client/event_advanced.go:128.37,130.24 2 1
github.com/chazu/yutani/pkg/client/event_advanced.go:130.24,133.3 2 1
github.com/chazu/yutani/pkg/client/event_advanced.go:135.2,141.31 5 1
github.com/chazu/yutani/pkg/client/event_advanced.go:141.31,143.3 1 1
github.com/chazu/yutani/pkg/client/event_advanced.go:147.32,150.2 2 1
github.com/chazu/yutani/pkg/client/event_advanced.go:167.53,173.2 1 1
github.com/chazu/yutani/pkg/client/event_advanced.go:176.46,177.18 1 1
github.com/chazu/yutani/pkg/client/event_advanced.go:177.18,179.3 1 1
github.com/chazu/yutani/pkg/client/event_advanced.go:181.2,192.33 5 1
github.com/chazu/yutani/pkg/client/event_advanced.go:192.33,194.3 1 1
github.com/chazu/yutani/pkg/client/event_advanced.go:198.54,205.2 5 1
github.com/chazu/yutani/pkg/client/event_advanced.go:208.74,213.29 4 1
github.com/chazu/yutani/pkg/client/event_advanced.go:213.29,214.31 1 1
github.com/chazu/yutani/pkg/client/event_advanced.go:214.31,216.4 1 1
github.com/chazu/yutani/pkg/client/event_advanced.go:218.2,218.15 1 1
github.com/chazu/yutani/pkg/client/event_advanced.go:222.33,226.2 3 1
github.com/chazu/yutani/pkg/client/event_advanced.go:229.33,233.2 3 1
github.com/chazu/yutani/pkg/client/event_advanced.go:236.32,240.2 3 1
github.com/chazu/yutani/pkg/client/event_advanced.go:243.44,247.2 3 1
github.com/chazu/yutani/pkg/client/event_advanced.go:250.69,252.22 2 1
github.com/chazu/yutani/pkg/client/event_advanced.go:252.22,254.3 1 1
github.com/chazu/yutani/pkg/client/event_advanced.go:256.2,256.15 1 1
github.com/chazu/yutani/pkg/client/event_advanced.go:256.15,258.28 1 1
github.com/chazu/yutani/pkg/client/event_advanced.go:258.28,260.4 1 1
github.com/chazu/yutani/pkg/client/event_advanced.go:261.3,261.9 1 1
github.com/chazu/yutani/pkg/client/event_advanced.go:265.2,266.12 2 1
github.com/chazu/yutani/pkg/client/event_advanced.go:266.12,267.28 1 1
github.com/chazu/yutani/pkg/client/event_advanced.go:267.28,272.4 4 1
github.com/chazu/yutani/pkg/client/form.go:19.41,24.2 1 0
github.com/chazu/yutani/pkg/client/form.go:27.56,30.2 2 0
github.com/chazu/yutani/pkg/client/form.go:33.56,36.2 2 0
github.com/chazu/yutani/pkg/client/form.go:39.46,45.16 2 0
github.com/chazu/yutani/pkg/client/form.go:45.16,47.3 1 0
github.com/chazu/yutani/pkg/client/form.go:49.2,57.18 3 0
github.com/chazu/yutani/pkg/client/form.go:61.94,63.2 1 0
github.com/chazu/yutani/pkg/client/form.go:66.76,68.2 1 0
github.com/chazu/yutani/pkg/client/form.go:71.74,73.18 2 0
github.com/chazu/yutani/pkg/client/form.go:73.18,75.3 1 0
github.com/chazu/yutani/pkg/client/form.go:76.2,76.78 1 0
github.com/chazu/yutani/pkg/client/form.go:80.94,82.2 1 0
github.com/chazu/yutani/pkg/client/form.go:85.136,93.20 2 0
github.com/chazu/yutani/pkg/client/form.go:93.20,95.3 1 0
github.com/chazu/yutani/pkg/client/form.go:96.2,96.25 1 0
github.com/chazu/yutani/pkg/client/form.go:96.25,98.3 1 0
github.com/chazu/yutani/pkg/client/form.go:99.2,99.20 1 0
github.com/chazu/yutani/pkg/client/form.go:99.20,101.3 1 0
github.com/chazu/yutani/pkg/client/form.go:103.2,104.16 2 0
github.com/chazu/yutani/pkg/client/form.go:104.16,106.3 1 0
github.com/chazu/yutani/pkg/client/form.go:107.2,107.34 1 0
github.com/chazu/yutani/pkg/client/form.go:111.46,118.2 2 0
github.com/chazu/yutani/pkg/client/form.go:121.62,127.16 2 0
github.com/chazu/yutani/pkg/client/form.go:127.16,129.3 1 0
github.com/chazu/yutani/pkg/client/form.go:130.2,130.24 1 0
github.com/chazu/yutani/pkg/client/form.go:134.66,142.2 2 0
github.com/chazu/yutani/pkg/client/form.go:145.30,151.2 2 0
github.com/chazu/yutani/pkg/client/form.go:154.44,159.16 2 0
github.com/chazu/yutani/pkg/client/form.go:159.16,161.3 1 0
github.com/chazu/yutani/pkg/client/form.go:162.2,162.29 1 0
github.com/chazu/yutani/pkg/client/inputfield.go:19.53,24.2 1 0
github.com/chazu/yutani/pkg/client/inputfield.go:27.68,30.2 2 1
github.com/chazu/yutani/pkg/client/inputfield.go:33.68,36.2 2 1
github.com/chazu/yutani/pkg/client/inputfield.go:39.68,40.35 1 1
github.com/chazu/yutani/pkg/client/inputfield.go:40.35,44.3 1 1
github.com/chazu/yutani/pkg/client/inputfield.go:45.2,46.10 2 1
github.com/chazu/yutani/pkg/client/inputfield.go:50.80,51.35 1 1
github.com/chazu/yutani/pkg/client/inputfield.go:51.35,55.3 1 0
github.com/chazu/yutani/pkg/client/inputfield.go:56.2,57.10 2 1
github.com/chazu/yutani/pkg/client/inputfield.go:61.66,62.35 1 1
github.com/chazu/yutani/pkg/client/inputfield.go:62.35,66.3 1 0
github.com/chazu/yutani/pkg/client/inputfield.go:67.2,68.10 2 1
github.com/chazu/yutani/pkg/client/inputfield.go:72.70,73.35 1 1
github.com/chazu/yutani/pkg/client/inputfield.go:73.35,77.3 1 0
github.com/chazu/yutani/pkg/client/inputfield.go:78.2,80.10 3 1
github.com/chazu/yutani/pkg/client/inputfield.go:84.68,85.35 1 1
github.com/chazu/yutani/pkg/client/inputfield.go:85.35,89.3 1 0
github.com/chazu/yutani/pkg/client/inputfield.go:90.2,91.10 2 1
github.com/chazu/yutani/pkg/client/inputfield.go:95.76,96.35 1 1
github.com/chazu/yutani/pkg/client/inputfield.go:96.35,100.3 1 0
github.com/chazu/yutani/pkg/client/inputfield.go:101.2,102.10 2 1
github.com/chazu/yutani/pkg/client/inputfield.go:106.80,107.35 1 1
github.com/chazu/yutani/pkg/client/inputfield.go:107.35,111.3 1 0
github.com/chazu/yutani/pkg/client/inputfield.go:112.2,113.10 2 1
github.com/chazu/yutani/pkg/client/inputfield.go:117.86,118.35 1 1
github.com/chazu/yutani/pkg/client/inputfield.go:118.35,122.3 1 0
github.com/chazu/yutani/pkg/client/inputfield.go:123.2,124.10 2 1
github.com/chazu/yutani/pkg/client/inputfield.go:128.58,134.16 2 0
github.com/chazu/yutani/pkg/client/inputfield.go:134.16,136.3 1 0
github.com/chazu/yutani/pkg/client/inputfield.go:138.2,146.24 3 0
github.com/chazu/yutani/pkg/client/inputfield.go:150.49,158.2 1 0
github.com/chazu/yutani/pkg/client/inputfield.go:161.51,169.2 1 0
github.com/chazu/yutani/pkg/client/layout.go:19.41,24.2 1 0
github.com/chazu/yutani/pkg/client/layout.go:27.56,30.2 2 1
github.com/chazu/yutani/pkg/client/layout.go:33.56,36.2 2 1
github.com/chazu/yutani/pkg/client/layout.go:39.74,40.35 1 1
github.com/chazu/yutani/pkg/client/layout.go:40.35,44.3 1 1
github.com/chazu/yutani/pkg/client/layout.go:45.2,46.10 2 1
github.com/chazu/yutani/pkg/client/layout.go:50.64,51.35 1 1
github.com/chazu/yutani/pkg/client/layout.go:51.35,55.3 1 0
github.com/chazu/yutani/pkg/client/layout.go:56.2,57.10 2 1
github.com/chazu/yutani/pkg/client/layout.go:61.46,67.16 2 0
github.com/chazu/yutani/pkg/client/layout.go:67.16,69.3 1 0
github.com/chazu/yutani/pkg/client/layout.go:71.2,79.18 3 0
github.com/chazu/yutani/pkg/client/layout.go:83.84,93.2 2 0
github.com/chazu/yutani/pkg/client/layout.go:96.48,103.2 2 0
github.com/chazu/yutani/pkg/client/layout.go:106.63,113.2 2 0
github.com/chazu/yutani/pkg/client/layout.go:127.41,132.2 1 0
github.com/chazu/yutani/pkg/client/layout.go:135.56,138.2 2 1
github.com/chazu/yutani/pkg/client/layout.go:141.56,144.2 2 1
github.com/chazu/yutani/pkg/client/layout.go:147.51,148.35 1 1
github.com/chazu/yutani/pkg/client/layout.go:148.35,152.3 1 1
github.com/chazu/yutani/pkg/client/layout.go:153.2,155.10 3 1
github.com/chazu/yutani/pkg/client/layout.go:159.57,160.35 1 1
github.com/chazu/yutani/pkg/client/layout.go:160.35,164.3 1 0
github.com/chazu/yutani/pkg/client/layout.go:165.2,167.10 3 1
github.com/chazu/yutani/pkg/client/layout.go:171.56,172.35 1 1
github.com/chazu/yutani/pkg/client/layout.go:172.35,176.3 1 0
github.com/chazu/yutani/pkg/client/layout.go:177.2,179.10 3 1
github.com/chazu/yutani/pkg/client/layout.go:183.58,184.35 1 1
github.com/chazu/yutani/pkg/client/layout.go:184.35,188.3 1 0
github.com/chazu/yutani/pkg/client/layout.go:189.2,191.10 3 1
github.com/chazu/yutani/pkg/client/layout.go:195.46,201.16 2 0
github.com/chazu/yutani/pkg/client/layout.go:201.16,203.3 1 0
github.com/chazu/yutani/pkg/client/layout.go:205.2,213.18 3 0
github.com/chazu/yutani/pkg/client/layout.go:217.116,231.2 2 0
github.com/chazu/yutani/pkg/client/layout.go:234.48,241.2 2 0
github.com/chazu/yutani/pkg/client/layout.go:244.48,251.2 2 0
github.com/chazu/yutani/pkg/client/layout.go:254.54,261.2 2 0
github.com/chazu/yutani/pkg/client/layout.go:275.43,280.2 1 0
github.com/chazu/yutani/pkg/client/layout.go:283.58,286.2 2 1
github.com/chazu/yutani/pkg/client/layout.go:289.58,292.2 2 1
github.com/chazu/yutani/pkg/client/layout.go:295.63,296.35 1 1
github.com/chazu/yutani/pkg/client/layout.go:296.35,300.3 1 1
github.com/chazu/yutani/pkg/client/layout.go:301.2,302.10 2 1
github.com/chazu/yutani/pkg/client/layout.go:306.69,307.35 1 1
github.com/chazu/yutani/pkg/client/layout.go:307.35,311.3 1 0
github.com/chazu/yutani/pkg/client/layout.go:312.2,313.10 2 1
github.com/chazu/yutani/pkg/client/layout.go:317.48,323.16 2 0
github.com/chazu/yutani/pkg/client/layout.go:323.16,325.3 1 0
github.com/chazu/yutani/pkg/client/layout.go:327.2,335.19 3 0
github.com/chazu/yutani/pkg/client/layout.go:339.85,349.2 2 0
github.com/chazu/yutani/pkg/client/layout.go:352.51,359.2 2 0
github.com/chazu/yutani/pkg/client/layout.go:362.49,369.2 2 0
github.com/chazu/yutani/pkg/client/layout.go:372.50,377.16 2 0
github.com/chazu/yutani/pkg/client/layout.go:377.16,379.3 1 0
github.com/chazu/yutani/pkg/client/layout.go:380.2,380.27 1 0
github.com/chazu/yutani/pkg/client/list.go:19.41,24.2 1 0
github.com/chazu/yutani/pkg/client/list.go:27.56,30.2 2 0
github.com/chazu/yutani/pkg/client/list.go:33.56,36.2 2 0
github.com/chazu/yutani/pkg/client/list.go:39.69,42.2 2 0
github.com/chazu/yutani/pkg/client/list.go:45.65,48.2 2 0
github.com/chazu/yutani/pkg/client/list.go:51.64,54.2 2 0
github.com/chazu/yutani/pkg/client/list.go:57.46,63.16 2 0
github.com/chazu/yutani/pkg/client/list.go:63.16,65.3 1 0
github.com/chazu/yutani/pkg/client/list.go:67.2,75.18 3 0
github.com/chazu/yutani/pkg/client/list.go:79.87,87.16 2 0
github.com/chazu/yutani/pkg/client/list.go:87.16,89.3 1 0
github.com/chazu/yutani/pkg/client/list.go:90.2,90.29 1 0
github.com/chazu/yutani/pkg/client/list.go:94.44,101.2 2 0
github.com/chazu/yutani/pkg/client/list.go:104.30,110.2 2 0
github.com/chazu/yutani/pkg/client/list.go:113.44,118.16 2 0
github.com/chazu/yutani/pkg/client/list.go:118.16,120.3 1 0
github.com/chazu/yutani/pkg/client/list.go:121.2,121.29 1 0
github.com/chazu/yutani/pkg/client/list.go:125.43,130.16 2 0
github.com/chazu/yutani/pkg/client/list.go:130.16,132.3 1 0
github.com/chazu/yutani/pkg/client/list.go:133.2,133.29 1 0
github.com/chazu/yutani/pkg/client/list.go:137.45,144.2 2 0
github.com/chazu/yutani/pkg/client/list.go:147.89,153.16 2 0
github.com/chazu/yutani/pkg/client/list.go:153.16,155.3 1 0
github.com/chazu/yutani/pkg/client/list.go:156.2,156.62 1 0
github.com/chazu/yutani/pkg/client/table.go:19.43,24.2 1 0
github.com/chazu/yutani/pkg/client/table.go:27.58,30.2 2 0
github.com/chazu/yutani/pkg/client/table.go:33.58,36.2 2 0
github.com/chazu/yutani/pkg/client/table.go:39.48,45.16 2 0
github.com/chazu/yutani/pkg/client/table.go:45.16,47.3 1 0
github.com/chazu/yutani/pkg/client/table.go:49.2,57.19 3 0
github.com/chazu/yutani/pkg/client/table.go:61.68,70.2 2 0
github.com/chazu/yutani/pkg/client/table.go:73.65,80.16 2 0
github.com/chazu/yutani/pkg/client/table.go:80.16,82.3 1 0
github.com/chazu/yutani/pkg/client/table.go:83.2,83.23 1 0
github.com/chazu/yutani/pkg/client/table.go:87.68,93.16 2 0
github.com/chazu/yutani/pkg/client/table.go:93.16,95.3 1 0
github.com/chazu/yutani/pkg/client/table.go:96.2,96.32 1 0
github.com/chazu/yutani/pkg/client/table.go:100.31,106.2 2 0
github.com/chazu/yutani/pkg/client/table.go:109.64,114.16 2 0
github.com/chazu/yutani/pkg/client/table.go:114.16,116.3 1 0
github.com/chazu/yutani/pkg/client/table.go:117.2,117.47 1 0
github.com/chazu/yutani/pkg/client/table.go:121.61,126.16 2 0
github.com/chazu/yutani/pkg/client/table.go:126.16,128.3 1 0
github.com/chazu/yutani/pkg/client/table.go:129.2,129.45 1 0
github.com/chazu/yutani/pkg/client/table.go:133.53,141.2 2 0
github.com/chazu/yutani/pkg/client/table.go:144.61,152.2 2 0
github.com/chazu/yutani/pkg/client/table.go:155.46,157.2 1 0
github.com/chazu/yutani/pkg/client/table.go:160.72,165.2 1 0
github.com/chazu/yutani/pkg/client/tree.go:19.49,24.2 1 0
github.com/chazu/yutani/pkg/client/tree.go:27.64,30.2 2 1
github.com/chazu/yutani/pkg/client/tree.go:33.64,36.2 2 1
github.com/chazu/yutani/pkg/client/tree.go:39.75,40.35 1 1
github.com/chazu/yutani/pkg/client/tree.go:40.35,44.3 1 1
github.com/chazu/yutani/pkg/client/tree.go:45.2,46.10 2 1
github.com/chazu/yutani/pkg/client/tree.go:50.79,51.35 1 1
github.com/chazu/yutani/pkg/client/tree.go:51.35,55.3 1 0
github.com/chazu/yutani/pkg/client/tree.go:56.2,57.10 2 1
github.com/chazu/yutani/pkg/client/tree.go:61.85,62.35 1 1
github.com/chazu/yutani/pkg/client/tree.go:62.35,66.3 1 0
github.com/chazu/yutani/pkg/client/tree.go:67.2,68.10 2 1
github.com/chazu/yutani/pkg/client/tree.go:72.74,73.35 1 1
github.com/chazu/yutani/pkg/client/tree.go:73.35,77.3 1 0
github.com/chazu/yutani/pkg/client/tree.go:78.2,79.10 2 1
github.com/chazu/yutani/pkg/client/tree.go:83.68,84.35 1 1
github.com/chazu/yutani/pkg/client/tree.go:84.35,88.3 1 0
github.com/chazu/yutani/pkg/client/tree.go:89.2,90.10 2 1
github.com/chazu/yutani/pkg/client/tree.go:94.54,100.16 2 0
github.com/chazu/yutani/pkg/client/tree.go:100.16,102.3 1 0
github.com/chazu/yutani/pkg/client/tree.go:104.2,112.22 3 0
github.com/chazu/yutani/pkg/client/tree.go:116.72,122.16 2 0
github.com/chazu/yutani/pkg/client/tree.go:122.16,124.3 1 0
github.com/chazu/yutani/pkg/client/tree.go:125.2,125.25 1 0
github.com/chazu/yutani/pkg/client/tree.go:129.98,136.16 2 0
github.com/chazu/yutani/pkg/client/tree.go:136.16,138.3 1 0
github.com/chazu/yutani/pkg/client/tree.go:139.2,139.25 1 0
github.com/chazu/yutani/pkg/client/tree.go:143.61,150.2 2 0
github.com/chazu/yutani/pkg/client/tree.go:153.77,161.2 2 0
github.com/chazu/yutani/pkg/client/tree.go:164.75,169.16 2 0
github.com/chazu/yutani/pkg/client/tree.go:169.16,171.3 1 0
github.com/chazu/yutani/pkg/client/tree.go:172.2,172.52 1 0
github.com/chazu/yutani/pkg/client/tree.go:176.62,183.2 2 0
github.com/chazu/yutani/pkg/client/tree.go:186.84,192.16 2 0
github.com/chazu/yutani/pkg/client/tree.go:192.16,194.3 1 0
github.com/chazu/yutani/pkg/client/tree.go:195.2,195.27 1 0
github.com/chazu/yutani/pkg/client/tree.go:199.44,203.2 1 1
github.com/chazu/yutani/pkg/client/tree.go:206.67,211.2 1 1
github.com/chazu/yutani/pkg/client/tree.go:214.114,218.18 2 1
github.com/chazu/yutani/pkg/client/tree.go:218.18,220.3 1 1
github.com/chazu/yutani/pkg/client/tree.go:221.2,223.21 3 1
github.com/chazu/yutani/pkg/client/tree.go:223.21,225.3 1 1
github.com/chazu/yutani/pkg/client/tree.go:226.2,226.13 1 1
github.com/chazu/yutani/pkg/client/widget.go:35.34,37.2 1 0
github.com/chazu/yutani/pkg/client/widget.go:40.37,45.16 2 0
github.com/chazu/yutani/pkg/client/widget.go:45.16,47.3 1 0
github.com/chazu/yutani/pkg/client/widget.go:48.2,48.12 1 0
github.com/chazu/yutani/pkg/client/widget.go:52.51,56.2 1 0
github.com/chazu/yutani/pkg/client/widget.go:59.51,63.2 1 0
github.com/chazu/yutani/pkg/client/widget.go:66.39,72.2 2 0
github.com/chazu/yutani/pkg/client/widget.go:75.68,80.16 2 0
github.com/chazu/yutani/pkg/client/widget.go:80.16,82.3 1 0
github.com/chazu/yutani/pkg/client/widget.go:83.2,83.29 1 0
github.com/chazu/yutani/pkg/client/widget.go:87.68,94.2 2 0
github.com/chazu/yutani/pkg/client/widget.go:97.31,99.2 1 0
github.com/chazu/yutani/pkg/client/widget.go:101.28,103.2 1 0
github.com/chazu/yutani/pkg/client/widget.go:105.31,107.2 1 0
github.com/chazu/yutani/pkg/client/widget.go:109.31,111.2 1 0
github.com/chazu/yutani/pkg/client/widget.go:113.34,115.2 1 0
github.com/chazu/yutani/pkg/client/widget.go:118.35,122.2 1 1
github.com/chazu/yutani/pkg/client/widget.go:125.40,135.2 1 0
